###############################################################################
#
# IAR ELF Linker V3.10.1.201 for STM8                     29/Jun/2019  18:17:28
# Copyright 2010-2017 IAR Systems AB.
#
#    Output file  =  
#        C:\Users\Administrator\Desktop\ST_IIC\pro\Debug\Exe\ST_IIC.out
#    Map file     =  
#        C:\Users\Administrator\Desktop\ST_IIC\pro\Debug\List\ST_IIC.map
#    Command line =  
#        -f C:\Users\ADMINI~1\AppData\Local\Temp\EW655B.tmp
#        (C:\Users\Administrator\Desktop\ST_IIC\pro\Debug\Obj\bsp_led.o
#        C:\Users\Administrator\Desktop\ST_IIC\pro\Debug\Obj\iic.o
#        C:\Users\Administrator\Desktop\ST_IIC\pro\Debug\Obj\iic_port.o
#        C:\Users\Administrator\Desktop\ST_IIC\pro\Debug\Obj\main.o
#        C:\Users\Administrator\Desktop\ST_IIC\pro\Debug\Obj\stm8s_clk.o
#        C:\Users\Administrator\Desktop\ST_IIC\pro\Debug\Obj\stm8s_gpio.o
#        C:\Users\Administrator\Desktop\ST_IIC\pro\Debug\Obj\stm8s_it.o
#        C:\Users\Administrator\Desktop\ST_IIC\pro\Debug\Obj\stm8s_iwdg.o
#        C:\Users\Administrator\Desktop\ST_IIC\pro\Debug\Obj\stm8s_tim2.o
#        C:\Users\Administrator\Desktop\ST_IIC\pro\Debug\Obj\stm8s_tim4.o
#        C:\Users\Administrator\Desktop\ST_IIC\pro\Debug\Obj\stm8s_uart1.o
#        C:\Users\Administrator\Desktop\ST_IIC\pro\Debug\Obj\system.o
#        --redirect _Printf=_PrintfSmall --redirect _Scanf=_ScanfSmall -o
#        C:\Users\Administrator\Desktop\ST_IIC\pro\Debug\Exe\ST_IIC.out --map
#        C:\Users\Administrator\Desktop\ST_IIC\pro\Debug\List\ST_IIC.map
#        --config "C:\Program Files (x86)\IAR Systems\Embedded Workbench
#        8.0\stm8\config\lnkstm8s103f3.icf" --config_def _CSTACK_SIZE=0x100
#        --config_def _HEAP_SIZE=0x100 --entry __iar_program_start --debug_lib)
#
###############################################################################

*******************************************************************************
*** RUNTIME MODEL ATTRIBUTES
***

__SystemLibrary            = DLib
__code_model               = small
__core                     = stm8
__data_model               = medium
__dlib_file_descriptor     = 0
__dlib_full_locale_support = 0
__rt_version               = 4


*******************************************************************************
*** PLACEMENT SUMMARY
***

"A0":  place at start of [0x000000-0x0000ff] { rw section .vregs };
"A1":  place at end of [0x000000-0x0003ff] { block CSTACK };
"P2":  place in [from 0x000000 to 0x0003ff] {
          block HEAP, rw section __DLIB_PERTHREAD, rw section .far.bss,
          rw section .far.data, rw section .far.noinit,
          rw section .far_func.textrw, rw section .huge.bss,
          rw section .huge.data, rw section .huge.noinit,
          rw section .huge_func.textrw, rw section .iar.dynexit,
          rw section .near.bss, rw section .near.data, rw section .near.noinit,
          rw section .near_func.textrw };
"A2":  place at start of [0x008000-0x009fff] { block INTVEC };
"P3":  place in [from 0x008000 to 0x009fff] {
          ro section __DLIB_PERTHREAD_init, ro section .far.data_init,
          ro section .far_func.textrw_init, ro section .huge.data_init,
          ro section .huge_func.textrw_init, ro section .iar.init_table,
          ro section .init_array, ro section .near.data_init,
          ro section .near.rodata, ro section .near_func.text,
          ro section .near_func.textrw_init, ro section .tiny.data_init,
          ro section .tiny.rodata_init };
"P4":  place in [from 0x008000 to 0x009fff] {
          ro section .far.rodata, ro section .far_func.text };
"P5":  place in [from 0x008000 to 0x009fff] {
          ro section .huge.rodata, ro section .huge_func.text };
do not initialize {
   rw section .eeprom.noinit, rw section .far.noinit, rw section .huge.noinit,
   rw section .near.noinit, rw section .tiny.noinit, rw section .vregs };

  Section          Kind      Address   Size  Object
  -------          ----      -------   ----  ------
"A0":                                   0xc
  .vregs           uninit   0x000000    0xc  vregs.o [4]
                          - 0x00000c    0xc

"P2":                                   0x2
  .near.bss        zero     0x00000c    0x2  system.o [1]
                          - 0x00000e    0x2

"A1":                                 0x100
  CSTACK                    0x000300  0x100  <Block>
    CSTACK         uninit   0x000300  0x100  <Block tail>
                          - 0x000400  0x100

"A2":                                  0x80
  INTVEC                    0x008000   0x80  <Block>
    .intvec        const    0x008000   0x80  interrupt.o [4]
                          - 0x008080   0x80

"P3-P5":                              0x692
  .near_func.text  ro code  0x008080  0x121  iic.o [1]
  .near_func.text  ro code  0x0081a1  0x110  stm8s_gpio.o [1]
  .near_func.text  ro code  0x0082b1   0x84  iic_port.o [1]
  .near_func.text  ro code  0x008335   0x84  vreg_util.o [4]
  .near_func.text  ro code  0x0083b9   0x6a  system.o [1]
  .near_func.text  ro code  0x008423   0x4f  iic.o [1]
  .near_func.text  ro code  0x008472   0x3d  stm8s_clk.o [1]
  .near.rodata     const    0x0084af   0x3c  stm8s_uart1.o [1]
  .near.rodata     const    0x0084eb   0x3b  stm8s_gpio.o [1]
  .near.rodata     const    0x008526   0x3a  stm8s_clk.o [1]
  .near_func.text  ro code  0x008560   0x36  stm8s_uart1.o [1]
  .near_func.text  ro code  0x008596   0x2f  iic.o [1]
  .near_func.text  ro code  0x0085c5   0x28  iic_port.o [1]
  .near_func.text  ro code  0x0085ed   0x24  iic_port.o [1]
  .iar.init_table  const    0x008611    0x8  - Linker created -
  .near_func.text  ro code  0x008619   0x1f  iic_port.o [1]
  .near_func.text  ro code  0x008638   0x1e  init_small.o [4]
  .near_func.text  ro code  0x008656   0x19  stm8s_it.o [1]
  .near_func.text  ro code  0x00866f   0x14  bsp_led.o [1]
  .near_func.text  ro code  0x008683   0x14  init.o [4]
  .near_func.text  ro code  0x008697   0x14  __dbg_xxexit.o [3]
  .near_func.text  ro code  0x0086ab   0x13  cstartup.o [4]
  .near_func.text  ro code  0x0086be    0xb  system.o [1]
  .near_func.text  ro code  0x0086c9    0x8  main.o [1]
  .near_func.text  ro code  0x0086d1    0x8  short.o [4]
  .near_func.text  ro code  0x0086d9    0x7  stm8s_gpio.o [1]
  .near_func.text  ro code  0x0086e0    0x7  stm8s_gpio.o [1]
  .near_func.text  ro code  0x0086e7    0x5  cexit.o [4]
  .near_func.text  ro code  0x0086ec    0x4  stm8s_gpio.o [1]
  .near_func.text  ro code  0x0086f0    0x3  interrupt.o [4]
  .near_func.text  ro code  0x0086f3    0x3  low_level_init.o [4]
  .near_func.text  ro code  0x0086f6    0x3  exit.o [4]
  .near_func.text  ro code  0x0086f9    0x3  unhandled_exception.o [4]
  .near_func.text  ro code  0x0086fc    0x2  main.o [1]
  .near_func.text  ro code  0x0086fe    0x1  stm8s_it.o [1]
  .near_func.text  ro code  0x0086ff    0x1  stm8s_it.o [1]
  .near_func.text  ro code  0x008700    0x1  stm8s_it.o [1]
  .near_func.text  ro code  0x008701    0x1  stm8s_it.o [1]
  .near_func.text  ro code  0x008702    0x1  stm8s_it.o [1]
  .near_func.text  ro code  0x008703    0x1  stm8s_it.o [1]
  .near_func.text  ro code  0x008704    0x1  stm8s_it.o [1]
  .near_func.text  ro code  0x008705    0x1  stm8s_it.o [1]
  .near_func.text  ro code  0x008706    0x1  stm8s_it.o [1]
  .near_func.text  ro code  0x008707    0x1  stm8s_it.o [1]
  .near_func.text  ro code  0x008708    0x1  stm8s_it.o [1]
  .near_func.text  ro code  0x008709    0x1  stm8s_it.o [1]
  .near_func.text  ro code  0x00870a    0x1  stm8s_it.o [1]
  .near_func.text  ro code  0x00870b    0x1  stm8s_it.o [1]
  .near_func.text  ro code  0x00870c    0x1  stm8s_it.o [1]
  .near_func.text  ro code  0x00870d    0x1  stm8s_it.o [1]
  .near_func.text  ro code  0x00870e    0x1  stm8s_it.o [1]
  .near_func.text  ro code  0x00870f    0x1  stm8s_it.o [1]
  .near_func.text  ro code  0x008710    0x1  stm8s_it.o [1]
  .near_func.text  ro code  0x008711    0x1  __dbg_break.o [3]
                          - 0x008712  0x692


*******************************************************************************
*** INIT TABLE
***

          Address   Size
          -------   ----
Zero (__iar_zero_init2)
    1 destination range, total size 0x2:
          0x00000c   0x2



*******************************************************************************
*** MODULE SUMMARY
***

    Module                 ro code  ro data  rw data
    ------                 -------  -------  -------
C:\Users\Administrator\Desktop\ST_IIC\pro\Debug\Obj: [1]
    bsp_led.o                   20
    iic.o                      415
    iic_port.o                 239
    main.o                      10
    stm8s_clk.o                 61       58
    stm8s_gpio.o               290       59
    stm8s_it.o                  44
    stm8s_uart1.o               54       60
    system.o                   117                 2
    ------------------------------------------------
    Total:                   1 250      177        2

command line: [2]
    ------------------------------------------------
    Total:

dbgstm8smd.a: [3]
    __dbg_break.o                1
    __dbg_xxexit.o              20
    ------------------------------------------------
    Total:                      21

dlstm8smn.a: [4]
    cexit.o                      5
    cstartup.o                  19
    exit.o                       3
    init.o                      20
    init_small.o                30
    interrupt.o                  3      128
    low_level_init.o             3
    short.o                      8
    unhandled_exception.o        3
    vreg_util.o                132
    vregs.o                                       12
    ------------------------------------------------
    Total:                     226      128       12

    Linker created                        8      256
----------------------------------------------------
    Grand Total:             1 497      313      270


*******************************************************************************
*** ENTRY LIST
***

Entry                    Address   Size  Type      Object
-----                    -------   ----  ----      ------
.iar.init_table$$Base   0x008611          --   Gb  - Linker created -
.iar.init_table$$Limit  0x008619          --   Gb  - Linker created -
?b0                     0x000000         Data  Gb  vregs.o [4]
?b1                     0x000001         Data  Gb  vregs.o [4]
?b10                    0x00000a         Data  Gb  vregs.o [4]
?b11                    0x00000b         Data  Gb  vregs.o [4]
?b2                     0x000002         Data  Gb  vregs.o [4]
?b3                     0x000003         Data  Gb  vregs.o [4]
?b4                     0x000004         Data  Gb  vregs.o [4]
?b5                     0x000005         Data  Gb  vregs.o [4]
?b6                     0x000006         Data  Gb  vregs.o [4]
?b7                     0x000007         Data  Gb  vregs.o [4]
?b8                     0x000008         Data  Gb  vregs.o [4]
?b9                     0x000009         Data  Gb  vregs.o [4]
?e0                     0x000001         Data  Gb  vregs.o [4]
?e1                     0x000005         Data  Gb  vregs.o [4]
?e2                     0x000009         Data  Gb  vregs.o [4]
?epilogue_l2            0x0083b1         Code  Gb  vreg_util.o [4]
?epilogue_w4            0x0083b5         Code  Gb  vreg_util.o [4]
?l0                     0x000000         Data  Gb  vregs.o [4]
?l1                     0x000004         Data  Gb  vregs.o [4]
?l2                     0x000008         Data  Gb  vregs.o [4]
?pop_l0                 0x008388         Code  Gb  vreg_util.o [4]
?pop_l1                 0x008393         Code  Gb  vreg_util.o [4]
?pop_l2                 0x00839e         Code  Gb  vreg_util.o [4]
?pop_w4                 0x00834d         Code  Gb  vreg_util.o [4]
?push_l0                0x00835c         Code  Gb  vreg_util.o [4]
?push_l1                0x008361         Code  Gb  vreg_util.o [4]
?push_l2                0x008366         Code  Gb  vreg_util.o [4]
?push_w4                0x008335         Code  Gb  vreg_util.o [4]
?sra16_x_x_a            0x0086d1         Code  Gb  short.o [4]
?w0                     0x000000         Data  Gb  vregs.o [4]
?w1                     0x000002         Data  Gb  vregs.o [4]
?w2                     0x000004         Data  Gb  vregs.o [4]
?w3                     0x000006         Data  Gb  vregs.o [4]
?w4                     0x000008         Data  Gb  vregs.o [4]
?w5                     0x00000a         Data  Gb  vregs.o [4]
ADC1_IRQHandler         0x00870e    0x1  Code  Gb  stm8s_it.o [1]
AWU_IRQHandler          0x008700    0x1  Code  Gb  stm8s_it.o [1]
CLK_HSIPrescalerConfig  0x008472   0x3d  Code  Gb  stm8s_clk.o [1]
CLK_IRQHandler          0x008701    0x1  Code  Gb  stm8s_it.o [1]
CSTACK$$Base            0x000300          --   Gb  - Linker created -
CSTACK$$Limit           0x000400          --   Gb  - Linker created -
EEPROM_EEC_IRQHandler   0x008710    0x1  Code  Gb  stm8s_it.o [1]
EXTI_PORTA_IRQHandler   0x008702    0x1  Code  Gb  stm8s_it.o [1]
EXTI_PORTB_IRQHandler   0x008703    0x1  Code  Gb  stm8s_it.o [1]
EXTI_PORTC_IRQHandler   0x008704    0x1  Code  Gb  stm8s_it.o [1]
EXTI_PORTD_IRQHandler   0x008705    0x1  Code  Gb  stm8s_it.o [1]
EXTI_PORTE_IRQHandler   0x008706    0x1  Code  Gb  stm8s_it.o [1]
GPIO_Init               0x0081a1  0x110  Code  Gb  stm8s_gpio.o [1]
GPIO_ReadInputPin       0x0086e0    0x7  Code  Gb  stm8s_gpio.o [1]
GPIO_WriteHigh          0x0086d9    0x7  Code  Gb  stm8s_gpio.o [1]
GPIO_WriteLow           0x0086ec    0x4  Code  Gb  stm8s_gpio.o [1]
I2C_IRQHandler          0x00870d    0x1  Code  Gb  stm8s_it.o [1]
IIC_Delay_us            0x008080   0x19  Code  Lc  iic.o [1]
IIC_Init                0x0085c5   0x28  Code  Gb  iic_port.o [1]
IIC_Nck                 0x008173   0x2e  Code  Lc  iic.o [1]
IIC_Port_Init           0x008099    0x3  Code  Gb  iic.o [1]
IIC_Port_Read           0x008619   0x1f  Code  Gb  iic_port.o [1]
IIC_Port_SDA_Set        0x0085ed   0x24  Code  Gb  iic_port.o [1]
IIC_Port_Write          0x0082b1   0x84  Code  Gb  iic_port.o [1]
IIC_ReadData            0x008423   0x4f  Code  Lc  iic.o [1]
IIC_Read_Data           0x008596   0x2f  Code  Gb  iic.o [1]
IIC_Start               0x00809c   0x2e  Code  Lc  iic.o [1]
IIC_Stop                0x008149   0x2a  Code  Lc  iic.o [1]
IIC_WriteData           0x0080ca   0x7f  Code  Lc  iic.o [1]
INTVEC$$Base            0x008000          --   Gb  - Linker created -
INTVEC$$Limit           0x008080          --   Gb  - Linker created -
Led_Init                0x00866f   0x14  Code  Gb  bsp_led.o [1]
Region$$Table$$Base     0x008611          --   Gb  - Linker created -
Region$$Table$$Limit    0x008619          --   Gb  - Linker created -
RevBuf                  0x00000c    0x2  Data  Gb  system.o [1]
SPI_IRQHandler          0x008707    0x1  Code  Gb  stm8s_it.o [1]
System_Handle           0x0083b9   0x6a  Code  Gb  system.o [1]
System_Init             0x0086be    0xb  Code  Gb  system.o [1]
TIM1_CAP_COM_IRQHandler
                        0x008709    0x1  Code  Gb  stm8s_it.o [1]
TIM1_UPD_OVF_TRG_BRK_IRQHandler
                        0x008708    0x1  Code  Gb  stm8s_it.o [1]
TIM2_CAP_COM_IRQHandler
                        0x00870b    0x1  Code  Gb  stm8s_it.o [1]
TIM2_UPD_OVF_BRK_IRQHandler
                        0x00870a    0x1  Code  Gb  stm8s_it.o [1]
TIM4_UPD_OVF_IRQHandler
                        0x00870f    0x1  Code  Gb  stm8s_it.o [1]
TLI_IRQHandler          0x0086ff    0x1  Code  Gb  stm8s_it.o [1]
TRAP_IRQHandler         0x0086fe    0x1  Code  Gb  stm8s_it.o [1]
UART1_ClearITPendingBit
                        0x008560   0x36  Code  Gb  stm8s_uart1.o [1]
UART1_RX_IRQHandler     0x008656   0x19  Code  Gb  stm8s_it.o [1]
UART1_TX_IRQHandler     0x00870c    0x1  Code  Gb  stm8s_it.o [1]
__DebugBreak            0x008711    0x1  Code  Gb  __dbg_break.o [3]
__exit                  0x008697   0x14  Code  Gb  __dbg_xxexit.o [3]
__iar_data_init2        0x008683   0x14  Code  Gb  init.o [4]
__iar_program_start     0x0086ab         Code  Gb  cstartup.o [4]
__iar_unhandled_exception
                        0x0086f9         Code  Gb  unhandled_exception.o [4]
__iar_zero_init2        0x008638         Code  Gb  init_small.o [4]
__intvec                0x008000         Data  Gb  interrupt.o [4]
__low_level_init        0x0086f3    0x3  Code  Gb  low_level_init.o [4]
_exit                   0x0086e7         Code  Gb  cexit.o [4]
_interrupt_1            0x0086fe         Code  Gb  stm8s_it.o [1]
_interrupt_12           0x008707         Code  Gb  stm8s_it.o [1]
_interrupt_13           0x008708         Code  Gb  stm8s_it.o [1]
_interrupt_14           0x008709         Code  Gb  stm8s_it.o [1]
_interrupt_15           0x00870a         Code  Gb  stm8s_it.o [1]
_interrupt_16           0x00870b         Code  Gb  stm8s_it.o [1]
_interrupt_19           0x00870c         Code  Gb  stm8s_it.o [1]
_interrupt_2            0x0086ff         Code  Gb  stm8s_it.o [1]
_interrupt_20           0x008656         Code  Gb  stm8s_it.o [1]
_interrupt_21           0x00870d         Code  Gb  stm8s_it.o [1]
_interrupt_24           0x00870e         Code  Gb  stm8s_it.o [1]
_interrupt_25           0x00870f         Code  Gb  stm8s_it.o [1]
_interrupt_26           0x008710         Code  Gb  stm8s_it.o [1]
_interrupt_3            0x008700         Code  Gb  stm8s_it.o [1]
_interrupt_4            0x008701         Code  Gb  stm8s_it.o [1]
_interrupt_5            0x008702         Code  Gb  stm8s_it.o [1]
_interrupt_6            0x008703         Code  Gb  stm8s_it.o [1]
_interrupt_7            0x008704         Code  Gb  stm8s_it.o [1]
_interrupt_8            0x008705         Code  Gb  stm8s_it.o [1]
_interrupt_9            0x008706         Code  Gb  stm8s_it.o [1]
assert_failed           0x0086fc    0x2  Code  Gb  main.o [1]
exit                    0x0086f6    0x3  Code  Gb  exit.o [4]
main                    0x0086c9    0x8  Code  Gb  main.o [1]


[1] = C:\Users\Administrator\Desktop\ST_IIC\pro\Debug\Obj
[2] = command line
[3] = dbgstm8smd.a
[4] = dlstm8smn.a

  1 497 bytes of readonly  code memory
    313 bytes of readonly  data memory
    270 bytes of readwrite data memory

Errors: none
Warnings: none
